Microchip MPLAB XC8 Compiler V2.32

Linker command line:

-W-3 --edf=C:\Program Files\Microchip\xc8\v2.32\pic\dat\en_msgs.txt -cn \
  -h+dist/default/production\serial.X.production.sym \
  --cmf=dist/default/production\serial.X.production.cmf -z -Q18F45K50 \
  -oC:\Users\HP\AppData\Local\Temp\xcAs49g.4 --defsym=__MPLAB_BUILD=1 \
  -Mdist/default/production/serial.X.production.map -E1 -ver=XC8 Compiler \
  --acfsm=1493 -ASTACK=082h-07FFh -pstack=STACK -ACODE=00h-07FFFh \
  -ACONST=00h-07FFFh -ASMALLCONST=0800h-08FFhx120 \
  -AMEDIUMCONST=0800h-07FFFh -ACOMRAM=01h-05Fh -AABS1=00h-07FFh \
  -ABIGRAM=01h-07FFh -ARAM=060h-0FFh,0100h-01FFhx7 -ABANK0=060h-0FFh \
  -ABANK1=0100h-01FFh -ABANK2=0200h-02FFh -ABANK3=0300h-03FFh \
  -ABANK4=0400h-04FFh -ABANK5=0500h-05FFh -ABANK6=0600h-06FFh \
  -ABANK7=0700h-07FFh -ASFR=0F53h-0F5Fh,0F60h-0FFFh \
  -ACONFIG=0300000h-030000Dh -AIDLOC=0200000h-0200007h \
  -AEEDATA=0F00000h-0F000FFh -peeprom_data=EEDATA \
  -preset_vec=00h,intcode=08h,intcodelo,powerup,init -pramtop=0800h \
  -psmallconst=SMALLCONST -pmediumconst=MEDIUMCONST -pconst=CONST \
  -AFARRAM=00h-00h \
  -prdata=COMRAM,nvrram=COMRAM,nvbit=COMRAM,rbss=COMRAM,rbit=COMRAM \
  -pfarbss=FARRAM,fardata=FARRAM,nvFARRAM=FARRAM \
  -pintsave_regs=BIGRAM,bigbss=BIGRAM,bigdata=BIGRAM -pbss=RAM \
  -pidata=CODE,irdata=CODE,ibigdata=CODE,ifardata=CODE -prparam=COMRAM \
  C:\Users\HP\AppData\Local\Temp\xcAs49g.o \
  dist/default/production\serial.X.production.o 

Object code version is 3.11

Machine type is 18F45K50



                Name                               Link     Load   Length Selector   Space Scale
C:\Users\HP\AppData\Local\Temp\xcAs49g.o
                idloc                            200000   200000        8        0       5
                config                           300000   300000        E        0       4
                init                                12C      12C        4        4       0
                reset_vec                             0        0        4        0       0
dist/default/production\serial.X.production.o
                intcode                               8        8      124        4       0
                idloc                            200000   200000        8        0       5
                config                           300000   300000        E        0       4
                temp                                 58       58        1        1       1
                smallconst                          800      800        A      400       0
                text25                              C28      C28       2A      405       0
                text24                              D38      D38        6      405       0
                text23                              D3E      D3E        2      405       0
                text22                              D32      D32        6      405       0
                text21                              8F4      8F4       BC      405       0
                text20                              BAE      BAE       40      405       0
                text18                              CB8      CB8       16      405       0
                text17                              CE0      CE0        E      405       0
                text16                              D20      D20        A      405       0
                text15                              D16      D16        A      405       0
                text14                              D0C      D0C        A      405       0
                text13                              D02      D02        A      405       0
                text12                              CF8      CF8        A      405       0
                text11                              A46      A46       74      405       0
                text10                              D2A      D2A        8      405       0
                text9                               CCE      CCE       12      405       0
                text8                               B6E      B6E       40      405       0
                text7                               C9E      C9E       1A      405       0
                text6                               B18      B18       56      405       0
                text5                               CEE      CEE        A      405       0
                text4                               9B0      9B0       96      405       0
                text3                               80A      80A       EA      405       0
                text2                               ABA      ABA       5E      405       0
                text1                               C78      C78       26      405       0
                text0                               BEE      BEE       3A      405       0
                cstackCOMRAM                         29       29       24        1       1
                cstackBANK0                          80       80        2       60       1
                bssBANK0                             60       60       20       60       1
                bssCOMRAM                             1        1       28        1       1
                cinit                               C52      C52       26      405       0
                nvCOMRAM                             4D       4D        B        1       1

TOTAL           Name                               Link     Load   Length     Space
        CLASS   STACK          

        CLASS   CODE           
                intcode                               8        8      124         0
                init                                12C      12C        4         0
                reset_vec                             0        0        4         0
                text25                              C28      C28       2A         0
                text24                              D38      D38        6         0
                text23                              D3E      D3E        2         0
                text22                              D32      D32        6         0
                text21                              8F4      8F4       BC         0
                text20                              BAE      BAE       40         0
                text18                              CB8      CB8       16         0
                text17                              CE0      CE0        E         0
                text16                              D20      D20        A         0
                text15                              D16      D16        A         0
                text14                              D0C      D0C        A         0
                text13                              D02      D02        A         0
                text12                              CF8      CF8        A         0
                text11                              A46      A46       74         0
                text10                              D2A      D2A        8         0
                text9                               CCE      CCE       12         0
                text8                               B6E      B6E       40         0
                text7                               C9E      C9E       1A         0
                text6                               B18      B18       56         0
                text5                               CEE      CEE        A         0
                text4                               9B0      9B0       96         0
                text3                               80A      80A       EA         0
                text2                               ABA      ABA       5E         0
                text1                               C78      C78       26         0
                text0                               BEE      BEE       3A         0
                cinit                               C52      C52       26         0

        CLASS   CONST          

        CLASS   SMALLCONST     
                smallconst                          800      800        A         0

        CLASS   MEDIUMCONST    

        CLASS   COMRAM         
                temp                                 58       58        1         1
                cstackCOMRAM                         29       29       24         1
                bssCOMRAM                             1        1       28         1
                nvCOMRAM                             4D       4D        B         1

        CLASS   ABS1           

        CLASS   BIGRAM         

        CLASS   RAM            

        CLASS   BANK0          
                cstackBANK0                          80       80        2         1
                bssBANK0                             60       60       20         1

        CLASS   BANK1          

        CLASS   BANK2          

        CLASS   BANK3          

        CLASS   BANK4          

        CLASS   BANK5          

        CLASS   BANK6          

        CLASS   BANK7          

        CLASS   SFR            

        CLASS   CONFIG         
                config                           300000   300000        E         4

        CLASS   IDLOC          
                idloc                            200000   200000        8         5

        CLASS   EEDATA         

        CLASS   FARRAM         



SEGMENTS        Name                           Load    Length   Top    Selector   Space  Class

                reset_vec                      000000  000004  000004         0       0  CODE    
                bssCOMRAM                      000001  000058  000059         1       1  COMRAM  
                intcode                        000008  000128  000130         4       0  CODE    
                bssBANK0                       000060  000022  000082        60       1  BANK0   
                smallconst                     000800  00000A  00080A       400       0  SMALLCON
                text3                          00080A  000536  000D40       405       0  CODE    


UNUSED ADDRESS RANGES

        Name                Unused          Largest block    Delta
        BANK0            000082-0000FF               7E
        BANK1            000100-0001FF              100
        BANK2            000200-0002FF              100
        BANK3            000300-0003FF              100
        BANK4            000400-0004FF              100
        BANK5            000500-0005FF              100
        BANK6            000600-0006FF              100
        BANK7            000700-0007FF              100
        BIGRAM           000059-00005F                7
                         000082-0007FF              77E
        CODE             000004-000007                4
                         000130-0007FF              6D0
                         000D40-007FFF             72C0
        COMRAM           000059-00005F                7
        CONST            000004-000007                4
                         000130-0007FF              6D0
                         000D40-007FFF             72C0
        EEDATA           F00000-F000FF              100
        MEDIUMCONST      000D40-007FFF             72C0
        RAM              000082-0007FF              100
        SFR              000F53-000FFF                D
        SMALLCONST       000D40-007FFF              100
        STACK            000082-0007FF              77E

                                  Symbol Table

?_printf                                        cstackCOMRAM 000049
?_vfpfcnvrt                                     cstackCOMRAM 00003B
?_vfprintf                                      cstackCOMRAM 000041
EUSART1_SetErrorHandler@interruptHandler        cstackCOMRAM 000030
EUSART1_SetFramingErrorHandler@interruptHandler cstackCOMRAM 000030
EUSART1_SetOverrunErrorHandler@interruptHandler cstackCOMRAM 000030
EUSART1_SetRxInterruptHandler@interruptHandler  cstackCOMRAM 000030
EUSART1_SetTxInterruptHandler@interruptHandler  cstackCOMRAM 000030
EUSART1_Write@txData                            cstackCOMRAM 000030
INTERRUPT_InterruptManagerLow@data_rx           cstackCOMRAM 00002F
_ACTCON                                         (abs)        000FB5
_ADCON0                                         (abs)        000FC2
_ADCON0bits                                     (abs)        000FC2
_ADCON1                                         (abs)        000FC1
_ADCON2                                         (abs)        000FC0
_ADC_Initialize                                 text18       000CB8
_ADC_InterruptHandler                           bssCOMRAM    000021
_ADRESH                                         (abs)        000FC4
_ADRESL                                         (abs)        000FC3
_ANSELA                                         (abs)        000F5B
_ANSELB                                         (abs)        000F5C
_ANSELC                                         (abs)        000F5D
_ANSELD                                         (abs)        000F5E
_ANSELE                                         (abs)        000F5F
_BAUDCON1                                       (abs)        000FB8
_CCP2CON                                        (abs)        000F97
_CCP2_Initialize                                text17       000CE0
_CCPR2H                                         (abs)        000F91
_CCPR2L                                         (abs)        000F90
_EUSART1_DefaultErrorHandler                    text24       000D38
_EUSART1_DefaultFramingErrorHandler             text23       000D3E
_EUSART1_DefaultOverrunErrorHandler             text22       000D32
_EUSART1_ErrorHandler                           nvCOMRAM     00004D
_EUSART1_FramingErrorHandler                    nvCOMRAM     000051
_EUSART1_Initialize                             text11       000A46
_EUSART1_OverrunErrorHandler                    nvCOMRAM     00004F
_EUSART1_Receive_ISR                            text21       0008F4
_EUSART1_RxDataHandler                          text25       000C28
_EUSART1_RxDefaultInterruptHandler              nvCOMRAM     000055
_EUSART1_SetErrorHandler                        text16       000D20
_EUSART1_SetFramingErrorHandler                 text15       000D16
_EUSART1_SetOverrunErrorHandler                 text14       000D0C
_EUSART1_SetRxInterruptHandler                  text13       000D02
_EUSART1_SetTxInterruptHandler                  text12       000CF8
_EUSART1_Transmit_ISR                           text20       000BAE
_EUSART1_TxDefaultInterruptHandler              nvCOMRAM     000053
_EUSART1_Write                                  text6        000B18
_INTCON2bits                                    (abs)        000FF1
_INTCONbits                                     (abs)        000FF2
_INTERRUPT_Initialize                           text10       000D2A
_INTERRUPT_InterruptManagerLow                  intcode      000008
_IPR1bits                                       (abs)        000F9F
_LATA                                           (abs)        000F89
_LATB                                           (abs)        000F8A
_LATBbits                                       (abs)        000F8A
_LATC                                           (abs)        000F8B
_LATD                                           (abs)        000F8C
_LATE                                           (abs)        000F8D
_OSCCON                                         (abs)        000FD3
_OSCCON2                                        (abs)        000FD2
_OSCILLATOR_Initialize                          text9        000CCE
_OSCTUNE                                        (abs)        000F9B
_PIE1bits                                       (abs)        000F9D
_PIN_MANAGER_Initialize                         text8        000B6E
_PIR1bits                                       (abs)        000F9E
_RCONbits                                       (abs)        000FD0
_RCREG1                                         (abs)        000FAE
_RCSTA1                                         (abs)        000FAB
_RCSTA1bits                                     (abs)        000FAB
_SPBRG1                                         (abs)        000FAF
_SPBRGH1                                        (abs)        000FB0
_SYSTEM_Initialize                              text7        000C9E
_TRISA                                          (abs)        000F92
_TRISB                                          (abs)        000F93
_TRISC                                          (abs)        000F94
_TRISD                                          (abs)        000F95
_TRISE                                          (abs)        000F96
_TXREG1                                         (abs)        000FAD
_TXSTA1                                         (abs)        000FAC
_TXSTA1bits                                     (abs)        000FAC
_WPUB                                           (abs)        000F85
__HRAM                                          (abs)        000000
__Habs1                                         abs1         000000
__Hbank0                                        bank0        000000
__Hbank1                                        bank1        000000
__Hbank2                                        bank2        000000
__Hbank3                                        bank3        000000
__Hbank4                                        bank4        000000
__Hbank5                                        bank5        000000
__Hbank6                                        bank6        000000
__Hbank7                                        bank7        000000
__Hbigbss                                       bigbss       000000
__Hbigdata                                      bigdata      000000
__Hbigram                                       bigram       000000
__Hbss                                          bss          000000
__HbssBANK0                                     bssBANK0     000000
__HbssCOMRAM                                    bssCOMRAM    000000
__Hcinit                                        cinit        000000
__Hclrtext                                      clrtext      000000
__Hcomram                                       comram       000000
__Hconfig                                       config       30000E
__Hconst                                        const        000000
__HcstackBANK0                                  cstackBANK0  000000
__HcstackCOMRAM                                 cstackCOMRAM 000000
__Hdata                                         data         000000
__Heeprom_data                                  eeprom_data  000000
__Hfarbss                                       farbss       000000
__Hfardata                                      fardata      000000
__Hibigdata                                     ibigdata     000000
__Hidata                                        idata        000000
__Hidloc                                        idloc        200008
__Hifardata                                     ifardata     000000
__Hinit                                         init         000130
__Hintcode                                      intcode      00012C
__Hintcode_body                                 intcode_body 000000
__Hintcodelo                                    intcodelo    00012C
__Hintentry                                     intentry     000000
__Hintret                                       intret       000000
__Hintsave_regs                                 intsave_regs 000000
__Hirdata                                       irdata       000000
__Hmediumconst                                  mediumconst  000000
__HnvCOMRAM                                     nvCOMRAM     000000
__HnvFARRAM                                     nvFARRAM     000000
__Hnvbit                                        nvbit        000000
__Hnvrram                                       nvrram       000000
__Hparam                                        rparam       000000
__Hpowerup                                      powerup      00012C
__Hram                                          ram          000000
__Hramtop                                       ramtop       000800
__Hrbit                                         rbit         000000
__Hrbss                                         rbss         000000
__Hrdata                                        rdata        000000
__Hreset_vec                                    reset_vec    000004
__Hrparam                                       rparam       000000
__Hsfr                                          sfr          000000
__Hsmallconst                                   smallconst   00080A
__Hspace_0                                      (abs)        000D40
__Hspace_1                                      (abs)        000082
__Hspace_2                                      (abs)        000000
__Hspace_4                                      (abs)        60000E
__Hstack                                        stack        000000
__Hstruct                                       struct       000000
__Htemp                                         temp         000059
__Htext                                         text         000000
__Htext0                                        text0        000000
__Htext1                                        text1        000000
__Htext10                                       text10       000000
__Htext11                                       text11       000000
__Htext12                                       text12       000000
__Htext13                                       text13       000000
__Htext14                                       text14       000000
__Htext15                                       text15       000000
__Htext16                                       text16       000000
__Htext17                                       text17       000000
__Htext18                                       text18       000000
__Htext2                                        text2        000000
__Htext20                                       text20       000000
__Htext21                                       text21       000000
__Htext22                                       text22       000000
__Htext23                                       text23       000000
__Htext24                                       text24       000000
__Htext25                                       text25       000000
__Htext26                                       text26       000000
__Htext3                                        text3        000000
__Htext4                                        text4        000000
__Htext5                                        text5        000000
__Htext6                                        text6        000000
__Htext7                                        text7        000000
__Htext8                                        text8        000000
__Htext9                                        text9        000000
__LRAM                                          (abs)        000001
__Labs1                                         abs1         000000
__Lbank0                                        bank0        000000
__Lbank1                                        bank1        000000
__Lbank2                                        bank2        000000
__Lbank3                                        bank3        000000
__Lbank4                                        bank4        000000
__Lbank5                                        bank5        000000
__Lbank6                                        bank6        000000
__Lbank7                                        bank7        000000
__Lbigbss                                       bigbss       000000
__Lbigdata                                      bigdata      000000
__Lbigram                                       bigram       000000
__Lbss                                          bss          000000
__LbssBANK0                                     bssBANK0     000000
__LbssCOMRAM                                    bssCOMRAM    000000
__Lcinit                                        cinit        000000
__Lclrtext                                      clrtext      000000
__Lcomram                                       comram       000000
__Lconfig                                       config       000000
__Lconst                                        const        000000
__LcstackBANK0                                  cstackBANK0  000000
__LcstackCOMRAM                                 cstackCOMRAM 000000
__Ldata                                         data         000000
__Leeprom_data                                  eeprom_data  000000
__Lfarbss                                       farbss       000000
__Lfardata                                      fardata      000000
__Libigdata                                     ibigdata     000000
__Lidata                                        idata        000000
__Lidloc                                        idloc        000000
__Lifardata                                     ifardata     000000
__Linit                                         init         00012C
__Lintcode                                      intcode      000008
__Lintcode_body                                 intcode_body 000000
__Lintcodelo                                    intcodelo    00012C
__Lintentry                                     intentry     000000
__Lintret                                       intret       000000
__Lintsave_regs                                 intsave_regs 000000
__Lirdata                                       irdata       000000
__Lmediumconst                                  mediumconst  000000
__LnvCOMRAM                                     nvCOMRAM     000000
__LnvFARRAM                                     nvFARRAM     000000
__Lnvbit                                        nvbit        000000
__Lnvrram                                       nvrram       000000
__Lparam                                        rparam       000000
__Lpowerup                                      powerup      00012C
__Lram                                          ram          000000
__Lramtop                                       ramtop       000800
__Lrbit                                         rbit         000000
__Lrbss                                         rbss         000000
__Lrdata                                        rdata        000000
__Lreset_vec                                    reset_vec    000000
__Lrparam                                       rparam       000000
__Lsfr                                          sfr          000000
__Lsmallconst                                   smallconst   000800
__Lspace_0                                      (abs)        000000
__Lspace_1                                      (abs)        000000
__Lspace_2                                      (abs)        000000
__Lspace_4                                      (abs)        000000
__Lstack                                        stack        000000
__Lstruct                                       struct       000000
__Ltemp                                         temp         000058
__Ltext                                         text         000000
__Ltext0                                        text0        000000
__Ltext1                                        text1        000000
__Ltext10                                       text10       000000
__Ltext11                                       text11       000000
__Ltext12                                       text12       000000
__Ltext13                                       text13       000000
__Ltext14                                       text14       000000
__Ltext15                                       text15       000000
__Ltext16                                       text16       000000
__Ltext17                                       text17       000000
__Ltext18                                       text18       000000
__Ltext2                                        text2        000000
__Ltext20                                       text20       000000
__Ltext21                                       text21       000000
__Ltext22                                       text22       000000
__Ltext23                                       text23       000000
__Ltext24                                       text24       000000
__Ltext25                                       text25       000000
__Ltext26                                       text26       000000
__Ltext3                                        text3        000000
__Ltext4                                        text4        000000
__Ltext5                                        text5        000000
__Ltext6                                        text6        000000
__Ltext7                                        text7        000000
__Ltext8                                        text8        000000
__Ltext9                                        text9        000000
__S0                                            (abs)        000D40
__S1                                            (abs)        000082
__S2                                            (abs)        000000
__S4                                            (abs)        000000
__S5                                            (abs)        000000
___inthi_sp                                     stack        000000
___intlo_sp                                     stack        000000
___param_bank                                   (abs)        000000
___rparam_used                                  (abs)        000001
___sp                                           stack        000000
__accesstop                                     (abs)        000060
__activetblptr                                  (abs)        000002
__end_of_ADC_Initialize                         text18       000CCE
__end_of_CCP2_Initialize                        text17       000CEE
__end_of_EUSART1_DefaultErrorHandler            text24       000D3E
__end_of_EUSART1_DefaultFramingErrorHandler     text23       000D40
__end_of_EUSART1_DefaultOverrunErrorHandler     text22       000D38
__end_of_EUSART1_Initialize                     text11       000ABA
__end_of_EUSART1_Receive_ISR                    text21       0009B0
__end_of_EUSART1_RxDataHandler                  text25       000C52
__end_of_EUSART1_SetErrorHandler                text16       000D2A
__end_of_EUSART1_SetFramingErrorHandler         text15       000D20
__end_of_EUSART1_SetOverrunErrorHandler         text14       000D16
__end_of_EUSART1_SetRxInterruptHandler          text13       000D0C
__end_of_EUSART1_SetTxInterruptHandler          text12       000D02
__end_of_EUSART1_Transmit_ISR                   text20       000BEE
__end_of_EUSART1_Write                          text6        000B6E
__end_of_INTERRUPT_Initialize                   text10       000D32
__end_of_INTERRUPT_InterruptManagerLow          intcode      00012C
__end_of_OSCILLATOR_Initialize                  text9        000CE0
__end_of_PIN_MANAGER_Initialize                 text8        000BAE
__end_of_SYSTEM_Initialize                      text7        000CB8
__end_of__initialization                        cinit        000C6A
__end_of_fputc                                  text4        000A46
__end_of_main                                   text0        000C28
__end_of_printf                                 text1        000C9E
__end_of_putch                                  text5        000CF8
__end_of_vfpfcnvrt                              text3        0008F4
__end_of_vfprintf                               text2        000B18
__initialization                                cinit        000C52
__mediumconst                                   mediumconst  000000
__pbssBANK0                                     bssBANK0     000060
__pbssCOMRAM                                    bssCOMRAM    000001
__pcinit                                        cinit        000C52
__pcstackBANK0                                  cstackBANK0  000080
__pcstackCOMRAM                                 cstackCOMRAM 000029
__pintcode                                      intcode      000008
__pnvCOMRAM                                     nvCOMRAM     00004D
__psmallconst                                   smallconst   000800
__ptext0                                        text0        000BEE
__ptext1                                        text1        000C78
__ptext10                                       text10       000D2A
__ptext11                                       text11       000A46
__ptext12                                       text12       000CF8
__ptext13                                       text13       000D02
__ptext14                                       text14       000D0C
__ptext15                                       text15       000D16
__ptext16                                       text16       000D20
__ptext17                                       text17       000CE0
__ptext18                                       text18       000CB8
__ptext2                                        text2        000ABA
__ptext20                                       text20       000BAE
__ptext21                                       text21       0008F4
__ptext22                                       text22       000D32
__ptext23                                       text23       000D3E
__ptext24                                       text24       000D38
__ptext25                                       text25       000C28
__ptext26                                       text26       000000
__ptext3                                        text3        00080A
__ptext4                                        text4        0009B0
__ptext5                                        text5        000CEE
__ptext6                                        text6        000B18
__ptext7                                        text7        000C9E
__ptext8                                        text8        000B6E
__ptext9                                        text9        000CCE
__ramtop                                        ramtop       000800
__size_of_ADC_Initialize                        (abs)        000000
__size_of_CCP2_Initialize                       (abs)        000000
__size_of_EUSART1_DefaultErrorHandler           (abs)        000000
__size_of_EUSART1_DefaultFramingErrorHandler    (abs)        000000
__size_of_EUSART1_DefaultOverrunErrorHandler    (abs)        000000
__size_of_EUSART1_Initialize                    (abs)        000000
__size_of_EUSART1_Receive_ISR                   (abs)        000000
__size_of_EUSART1_RxDataHandler                 (abs)        000000
__size_of_EUSART1_SetErrorHandler               (abs)        000000
__size_of_EUSART1_SetFramingErrorHandler        (abs)        000000
__size_of_EUSART1_SetOverrunErrorHandler        (abs)        000000
__size_of_EUSART1_SetRxInterruptHandler         (abs)        000000
__size_of_EUSART1_SetTxInterruptHandler         (abs)        000000
__size_of_EUSART1_Transmit_ISR                  (abs)        000000
__size_of_EUSART1_Write                         (abs)        000000
__size_of_INTERRUPT_Initialize                  (abs)        000000
__size_of_INTERRUPT_InterruptManagerLow         (abs)        000000
__size_of_OSCILLATOR_Initialize                 (abs)        000000
__size_of_PIN_MANAGER_Initialize                (abs)        000000
__size_of_SYSTEM_Initialize                     (abs)        000000
__size_of_fputc                                 (abs)        000000
__size_of_main                                  (abs)        000000
__size_of_printf                                (abs)        000000
__size_of_putch                                 (abs)        000000
__size_of_vfpfcnvrt                             (abs)        000000
__size_of_vfprintf                              (abs)        000000
__smallconst                                    smallconst   000800
_eusart1RxBuffer                                bssCOMRAM    000009
_eusart1RxCount                                 bssCOMRAM    000024
_eusart1RxHead                                  bssCOMRAM    000026
_eusart1RxLastError                             bssCOMRAM    000023
_eusart1RxStatusBuffer                          bssCOMRAM    000001
_eusart1RxTail                                  bssCOMRAM    000025
_eusart1TxBuffer                                bssCOMRAM    000011
_eusart1TxBufferRemaining                       nvCOMRAM     000057
_eusart1TxHead                                  bssCOMRAM    000028
_eusart1TxTail                                  bssCOMRAM    000027
_flags                                          bssCOMRAM    00001F
_fputc                                          text4        0009B0
_main                                           text0        000BEE
_nout                                           bssCOMRAM    000019
_prec                                           bssCOMRAM    00001D
_printf                                         text1        000C78
_putch                                          text5        000CEE
_vfpfcnvrt                                      text3        00080A
_vfprintf                                       text2        000ABA
_width                                          bssCOMRAM    00001B
btemp                                           temp         000058
end_of_initialization                           cinit        000C6A
fputc@c                                         cstackCOMRAM 000032
fputc@fp                                        cstackCOMRAM 000034
int$flags                                       temp         000058
intlevel0                                       text         000000
intlevel1                                       text         000000
intlevel2                                       text         000000
intlevel3                                       text         000000
isa$std                                         (abs)        000001
isa$xinst                                       (abs)        000000
printf@ap                                       cstackCOMRAM 00004B
printf@fmt                                      cstackCOMRAM 000049
putch@txData                                    cstackCOMRAM 000031
stackhi                                         (abs)        0007FF
stacklo                                         (abs)        000082
start                                           init         00012C
start_initialization                            cinit        000C52
ttemp5                                          temp         000059
ttemp6                                          temp         00005C
ttemp7                                          temp         000060
vfpfcnvrt@ap                                    cstackCOMRAM 00003F
vfpfcnvrt@fmt                                   cstackCOMRAM 00003D
vfpfcnvrt@fp                                    cstackCOMRAM 00003B
vfprintf@ap                                     cstackCOMRAM 000045
vfprintf@cfmt                                   cstackCOMRAM 000047
vfprintf@fmt                                    cstackCOMRAM 000043
vfprintf@fp                                     cstackCOMRAM 000041
wtemp8                                          temp         000059


MODULE INFORMATION

Module		Function		Class		Link	Load	Size
C:\Program Files\Microchip\xc8\v2.32\pic\sources\c99\common\doprnt.c
		_vfpfcnvrt     		CODE           	080A	0000	234
		_vfprintf      		CODE           	0ABA	0000	94

C:\Program Files\Microchip\xc8\v2.32\pic\sources\c99\common\doprnt.c estimated size: 328

mcc_generated_files/interrupt_manager.c
		_INTERRUPT_Initialize		CODE           	0D2A	0000	8
		_INTERRUPT_InterruptManagerLow		CODE           	0008	0000	292

mcc_generated_files/interrupt_manager.c estimated size: 300

mcc_generated_files/pin_manager.c
		_PIN_MANAGER_Initialize		CODE           	0B6E	0000	64

mcc_generated_files/pin_manager.c estimated size: 64

mcc_generated_files/adc.c
		_ADC_Initialize		CODE           	0CB8	0000	22

mcc_generated_files/adc.c estimated size: 22

mcc_generated_files/ccp2.c
		_CCP2_Initialize		CODE           	0CE0	0000	14

mcc_generated_files/ccp2.c estimated size: 14

shared
		__initialization		CODE           	0C52	0000	24

shared estimated size: 24

mcc_generated_files/eusart1.c
		_EUSART1_SetRxInterruptHandler		CODE           	0D02	0000	10
		_EUSART1_SetTxInterruptHandler		CODE           	0CF8	0000	10
		_EUSART1_Initialize		CODE           	0A46	0000	116
		_putch         		CODE           	0CEE	0000	10
		_EUSART1_DefaultErrorHandler		CODE           	0D38	0000	6
		_EUSART1_SetFramingErrorHandler		CODE           	0D16	0000	10
		_EUSART1_SetOverrunErrorHandler		CODE           	0D0C	0000	10
		_EUSART1_SetErrorHandler		CODE           	0D20	0000	10
		_EUSART1_Write 		CODE           	0B18	0000	86
		_EUSART1_Receive_ISR		CODE           	08F4	0000	188
		_EUSART1_RxDataHandler		CODE           	0C28	0000	42
		_EUSART1_DefaultOverrunErrorHandler		CODE           	0D32	0000	6
		_EUSART1_Transmit_ISR		CODE           	0BAE	0000	64
		_EUSART1_DefaultFramingErrorHandler		CODE           	0D3E	0000	2

mcc_generated_files/eusart1.c estimated size: 570

mcc_generated_files/mcc.c
		_OSCILLATOR_Initialize		CODE           	0CCE	0000	18
		_SYSTEM_Initialize		CODE           	0C9E	0000	26

mcc_generated_files/mcc.c estimated size: 44

C:\Program Files\Microchip\xc8\v2.32\pic\sources\c99\common\printf.c
		_printf        		CODE           	0C78	0000	38

C:\Program Files\Microchip\xc8\v2.32\pic\sources\c99\common\printf.c estimated size: 38

C:\Program Files\Microchip\xc8\v2.32\pic\sources\c99\common\nf_fputc.c
		_fputc         		CODE           	09B0	0000	150

C:\Program Files\Microchip\xc8\v2.32\pic\sources\c99\common\nf_fputc.c estimated size: 150

main.c
		_main          		CODE           	0BEE	0000	58

main.c estimated size: 58

